<mosque_gazeteer.PrayersListViewController>, state: appearing, view: <UITableView>