<mosque_gazeteer.MosqueSalahsViewController>, state: appearing, view: <UIView>